------------------------------------------------------------
TimeQuest Timing Analyzer Summary
------------------------------------------------------------

Type  : Slow 1200mV 85C Model Setup 'ClkDividerN:clk_divider_50|clkOut'
Slack : -26.103
TNS   : -677.151

Type  : Slow 1200mV 85C Model Setup 'CLOCK_50'
Slack : -1.420
TNS   : -7.768

Type  : Slow 1200mV 85C Model Hold 'ClkDividerN:clk_divider_50|clkOut'
Slack : 0.387
TNS   : 0.000

Type  : Slow 1200mV 85C Model Hold 'CLOCK_50'
Slack : 0.418
TNS   : 0.000

Type  : Slow 1200mV 85C Model Minimum Pulse Width 'CLOCK_50'
Slack : -3.000
TNS   : -11.995

Type  : Slow 1200mV 85C Model Minimum Pulse Width 'ClkDividerN:clk_divider_50|clkOut'
Slack : -1.285
TNS   : -123.360

Type  : Slow 1200mV 0C Model Setup 'ClkDividerN:clk_divider_50|clkOut'
Slack : -23.572
TNS   : -608.500

Type  : Slow 1200mV 0C Model Setup 'CLOCK_50'
Slack : -1.226
TNS   : -6.564

Type  : Slow 1200mV 0C Model Hold 'ClkDividerN:clk_divider_50|clkOut'
Slack : 0.339
TNS   : 0.000

Type  : Slow 1200mV 0C Model Hold 'CLOCK_50'
Slack : 0.378
TNS   : 0.000

Type  : Slow 1200mV 0C Model Minimum Pulse Width 'CLOCK_50'
Slack : -3.000
TNS   : -11.995

Type  : Slow 1200mV 0C Model Minimum Pulse Width 'ClkDividerN:clk_divider_50|clkOut'
Slack : -1.285
TNS   : -123.360

Type  : Fast 1200mV 0C Model Setup 'ClkDividerN:clk_divider_50|clkOut'
Slack : -12.331
TNS   : -283.603

Type  : Fast 1200mV 0C Model Setup 'CLOCK_50'
Slack : -0.146
TNS   : -0.438

Type  : Fast 1200mV 0C Model Hold 'ClkDividerN:clk_divider_50|clkOut'
Slack : 0.175
TNS   : 0.000

Type  : Fast 1200mV 0C Model Hold 'CLOCK_50'
Slack : 0.187
TNS   : 0.000

Type  : Fast 1200mV 0C Model Minimum Pulse Width 'CLOCK_50'
Slack : -3.000
TNS   : -10.500

Type  : Fast 1200mV 0C Model Minimum Pulse Width 'ClkDividerN:clk_divider_50|clkOut'
Slack : -1.000
TNS   : -96.000

------------------------------------------------------------
